2026-10-08 09:08:04 INFO INICIALIZACAO_SISTEMA: Cofre Digital iniciado com sucesso
2026-10-08 09:08:05 INFO INICIALIZACAO_SISTEMA: Cofre Digital iniciado com sucesso
2026-10-08 09:08:25 WARNING UPLOAD_REJEITADO arquivo=contrato_001.pdf
2026-10-08 09:10:35 INFO INICIALIZACAO_SISTEMA: Cofre Digital iniciado com sucesso
2026-10-08 09:10:37 INFO INICIALIZACAO_SISTEMA: Cofre Digital iniciado com sucesso
2026-10-08 09:10:43 INFO INICIALIZACAO_SISTEMA: Cofre Digital iniciado com sucesso
2026-10-08 10:09:31 INFO INICIALIZACAO_SISTEMA: Cofre Digital iniciado com sucesso
2026-10-08 10:09:32 INFO INICIALIZACAO_SISTEMA: Cofre Digital iniciado com sucesso
2026-10-08 10:10:06 INFO Listagem solicitada
2026-10-08 10:10:06 INFO EXPORTACAO BEM SUCEDIDA: Relatorio CSV gerado com 2 contratos
2026-10-08 10:10:06 INFO Download do CSV solicitado: catalogo_contratos_2026-10-08_1010.csv
2026-10-08 10:15:30 INFO Listagem solicitada
2026-10-08 10:15:30 INFO EXPORTACAO BEM SUCEDIDA: Relatorio CSV gerado com 2 contratos
2026-10-08 10:15:30 INFO Download do CSV solicitado: catalogo_contratos_2026-10-08_1015.csv
2026-10-08 10:15:40 INFO Listagem solicitada
2026-10-08 10:15:40 INFO EXPORTACAO BEM SUCEDIDA: Relatorio CSV gerado com 2 contratos
2026-10-08 10:15:40 INFO Download do CSV solicitado: catalogo_contratos_2026-10-08_1015.csv
2026-10-08 10:17:02 INFO Listagem solicitada
2026-10-08 10:17:02 INFO VERIFICACAO_GLOBAL total=2 integros=2 corrompidos=0 ausentes=0
2026-10-08 10:17:37 INFO Listagem solicitada
2026-10-08 10:17:37 INFO CONSULTA_LISTAGEM total=2
2026-10-08 10:20:22 INFO Documento 3 salvo com sucesso
2026-10-08 10:20:22 INFO UPLOAD id=3 arquivo=contrato_001.pdf
2026-10-08 10:20:25 INFO Documento 4 salvo com sucesso
2026-10-08 10:20:25 INFO UPLOAD id=4 arquivo=contrato_001.pdf
2026-10-08 10:26:59 INFO Documento 4 excluído
2026-10-08 10:26:59 INFO EXCLUSAO id=4
2026-10-08 10:27:11 INFO Documento 1 excluído
2026-10-08 10:27:11 INFO EXCLUSAO id=1
2026-10-08 10:27:22 INFO Documento 4 salvo com sucesso
2026-10-08 10:27:22 INFO UPLOAD id=4 arquivo=readmeT1.txt
2026-10-08 10:33:01 INFO INICIALIZACAO_SISTEMA: Cofre Digital iniciado com sucesso
2026-10-08 10:33:02 INFO INICIALIZACAO_SISTEMA: Cofre Digital iniciado com sucesso
